// Vitest Snapshot v1, https://vitest.dev/guide/snapshot.html

exports[`my-babel-plugin > should replace 'hello' with 'world' 1`] = `
"import fs from "fs";
import path from "path";
const dynamic = import("url");
const fs2 = require("fs");
const path2 = require.resolve("path");
export * as fs from "fs";
export * from "crypto";
export { readFile } from "fs";
module.exports = {
  fs: require("fs")
};
module.exports.fs = require("fs");

/** ignore */
console.log('node:fs');
fn('node:fs');"
`;
